// Jest Snapshot v1, https://goo.gl/fbAQLP

exports[`Making a snapshot 1`] = `
<div>
  <div
    class="Todo"
  >
    <div>
      <b>
        Test1
      </b>
       
      <small>
        (priority: 
        2
        )
      </small>
    </div>
    <div>
      <small>
        Test1 - priority2
      </small>
    </div>
  </div>
</div>
`;
